// Jest Snapshot v1, https://goo.gl/fbAQLP

exports[`Components/Float/DropdownMenu Basic smoke-test 1`] = `
<div style="height: 128px;">
  <button type="button"
          class="cmpui_button"
          id="radix-:r0:"
          aria-haspopup="menu"
          aria-expanded="false"
          data-state="closed"
          data-variant="primary"
          data-size="M"
  >
    Open
  </button>
</div>
`;
