// Jest Snapshot v1, https://goo.gl/fbAQLP

exports[`Float/MenuBarButton Basic smoke-test 1`] = `
<div role="menubar"
     class="cmpui_menu-bar__root"
     tabindex="0"
     data-orientation="horizontal"
     style="outline: none;"
>
  <button class="cmpui_menu-bar-button__root"
          type="button"
          role="menuitem"
          id="radix-:r1:"
          aria-haspopup="menu"
          aria-expanded="false"
          data-state="closed"
          tabindex="-1"
          data-orientation="horizontal"
          data-radix-collection-item
  >
    File
  </button>
  <button class="cmpui_menu-bar-button__root"
          type="button"
          role="menuitem"
          id="radix-:r5:"
          aria-haspopup="menu"
          aria-expanded="false"
          data-state="closed"
          tabindex="-1"
          data-orientation="horizontal"
          data-radix-collection-item
  >
    Edit
  </button>
  <button class="cmpui_menu-bar-button__root"
          type="button"
          role="menuitem"
          id="radix-:r9:"
          aria-haspopup="menu"
          aria-expanded="false"
          data-state="closed"
          tabindex="-1"
          data-orientation="horizontal"
          data-radix-collection-item
  >
    View
  </button>
  <button class="cmpui_menu-bar-button__root"
          type="button"
          role="menuitem"
          id="radix-:rd:"
          aria-haspopup="menu"
          aria-expanded="false"
          data-state="closed"
          tabindex="-1"
          data-orientation="horizontal"
          data-radix-collection-item
  >
    Help
  </button>
</div>
`;
