// Jest Snapshot v1, https://goo.gl/fbAQLP

exports[`View/TreeView Basic smoke-test 1`] = `
<div data-state="closed"
     style="height: 256px; width: 256px; overflow: auto;"
>
  <div class="cmpui_tree-view__root">
    <ol class="cmpui_tree-view__ol">
      <li class="cmpui_tree-view__item">
        <div class="cmpui_list-item__root"
             aria-selected="false"
             data-size="M"
             data-state="closed"
             style="display: flex; align-items: center; width: 100%; height: 100%; padding-left: 8px; box-sizing: border-box; padding-right: 8px; gap: 4px;"
        >
          <div style="display: flex; gap: 4px; cursor: pointer;">
            <span class="material-symbols-outlined"
                  style="font-size: 16px;"
            >
              expand_more
            </span>
            <span class="material-symbols-outlined"
                  style="font-size: 16px;"
            >
              folder_open
            </span>
          </div>
          root
        </div>
      </li>
      <li class="cmpui_tree-view__item-dir">
        <ol class="cmpui_tree-view__item-dir-ol">
          <li class="cmpui_tree-view__item">
            <div class="cmpui_list-item__root"
                 aria-selected="false"
                 data-size="M"
                 data-state="closed"
                 style="display: flex; align-items: center; width: 100%; height: 100%; padding-left: 16px; box-sizing: border-box; padding-right: 8px; gap: 4px;"
            >
              <div style="display: flex; gap: 4px; cursor: pointer;">
                <span class="material-symbols-outlined"
                      style="font-size: 16px;"
                >
                  expand_more
                </span>
                <span class="material-symbols-outlined"
                      style="font-size: 16px;"
                >
                  folder_open
                </span>
              </div>
              src
            </div>
          </li>
          <li class="cmpui_tree-view__item-dir">
            <ol class="cmpui_tree-view__item-dir-ol">
              <li class="cmpui_tree-view__item">
                <div class="cmpui_list-item__root"
                     aria-selected="false"
                     data-size="M"
                     data-state="closed"
                     style="display: flex; align-items: center; width: 100%; height: 100%; padding-left: 24px; box-sizing: border-box; padding-right: 8px; gap: 4px;"
                >
                  <span class="material-symbols-outlined"
                        style="font-size: 16px; margin-left: 12px;"
                  >
                    image
                  </span>
                  image.png
                </div>
              </li>
              <li class="cmpui_tree-view__item">
                <div class="cmpui_list-item__root"
                     aria-selected="false"
                     data-size="M"
                     data-state="closed"
                     style="display: flex; align-items: center; width: 100%; height: 100%; padding-left: 24px; box-sizing: border-box; padding-right: 8px; gap: 4px;"
                >
                  <span class="material-symbols-outlined"
                        style="font-size: 16px; margin-left: 12px;"
                  >
                    music_note
                  </span>
                  music.mp3
                </div>
              </li>
            </ol>
          </li>
          <li class="cmpui_tree-view__item">
            <div class="cmpui_list-item__root"
                 aria-selected="false"
                 data-size="M"
                 data-state="closed"
                 style="display: flex; align-items: center; width: 100%; height: 100%; padding-left: 16px; box-sizing: border-box; padding-right: 8px; gap: 4px;"
            >
              <div style="display: flex; gap: 4px; cursor: pointer;">
                <span class="material-symbols-outlined"
                      style="font-size: 16px;"
                >
                  expand_more
                </span>
                <span class="material-symbols-outlined"
                      style="font-size: 16px;"
                >
                  folder_open
                </span>
              </div>
              lib
            </div>
          </li>
          <li class="cmpui_tree-view__item-dir">
            <ol class="cmpui_tree-view__item-dir-ol">
              <li class="cmpui_tree-view__item">
                <div class="cmpui_list-item__root"
                     aria-selected="false"
                     data-size="M"
                     data-state="closed"
                     style="display: flex; align-items: center; width: 100%; height: 100%; padding-left: 24px; box-sizing: border-box; padding-right: 8px; gap: 4px;"
                >
                  <span class="material-symbols-outlined"
                        style="font-size: 16px; margin-left: 12px;"
                  >
                    videocam
                  </span>
                  video.mp4
                </div>
              </li>
              <li class="cmpui_tree-view__item">
                <div class="cmpui_list-item__root"
                     aria-selected="false"
                     data-size="M"
                     data-state="closed"
                     style="display: flex; align-items: center; width: 100%; height: 100%; padding-left: 24px; box-sizing: border-box; padding-right: 8px; gap: 4px;"
                >
                  <span class="material-symbols-outlined"
                        style="font-size: 16px; margin-left: 12px;"
                  >
                    code
                  </span>
                  code.tsx
                </div>
              </li>
            </ol>
          </li>
          <li class="cmpui_tree-view__item">
            <div class="cmpui_list-item__root"
                 aria-selected="false"
                 data-size="M"
                 data-state="closed"
                 style="display: flex; align-items: center; width: 100%; height: 100%; padding-left: 16px; box-sizing: border-box; padding-right: 8px; gap: 4px;"
            >
              <div style="display: flex; gap: 4px; cursor: pointer;">
                <span class="material-symbols-outlined"
                      style="font-size: 16px;"
                >
                  expand_more
                </span>
                <span class="material-symbols-outlined"
                      style="font-size: 16px;"
                >
                  folder_open
                </span>
              </div>
              child3
            </div>
          </li>
          <li class="cmpui_tree-view__item-dir">
            <ol class="cmpui_tree-view__item-dir-ol">
              <li class="cmpui_tree-view__item">
                <div class="cmpui_list-item__root"
                     aria-selected="false"
                     data-size="M"
                     data-state="closed"
                     style="display: flex; align-items: center; width: 100%; height: 100%; padding-left: 24px; box-sizing: border-box; padding-right: 8px; gap: 4px;"
                >
                  <span class="material-symbols-outlined"
                        style="font-size: 16px; margin-left: 12px;"
                  >
                    note
                  </span>
                  child3-1
                </div>
              </li>
              <li class="cmpui_tree-view__item">
                <div class="cmpui_list-item__root"
                     aria-selected="false"
                     data-size="M"
                     data-state="closed"
                     style="display: flex; align-items: center; width: 100%; height: 100%; padding-left: 24px; box-sizing: border-box; padding-right: 8px; gap: 4px;"
                >
                  <span class="material-symbols-outlined"
                        style="font-size: 16px; margin-left: 12px;"
                  >
                    note
                  </span>
                  child3-2
                </div>
              </li>
            </ol>
          </li>
        </ol>
      </li>
    </ol>
  </div>
</div>
`;
