// Jest Snapshot v1, https://goo.gl/fbAQLP

exports[`Controls/Path Basic smoke-test 1`] = `
<div style="width: 200px; height: 200px; position: relative;">
  <svg stroke="var(--cmpui-primary-color)"
       width="0"
       height="0"
       viewbox="0 0 0 0"
       class="cmpui_curve-controls-svg"
       style="position: absolute; overflow: visible; left: 0px; top: 0px; width: 0px; height: 0px;"
  >
    <path d="M 0 0"
          stroke-width="1"
          fill="none"
    >
    </path>
    <path d="M 0 0 C 100 0 100 200 200 200"
          stroke-width="1"
          fill="none"
    >
    </path>
  </svg>
</div>
`;
