// Jest Snapshot v1, https://goo.gl/fbAQLP

exports[`Components/Controls/CubicControls Default smoke-test 1`] = `
<div style="width: 100px; height: 100px; position: relative;">
  <svg stroke="var(--cmpui-primary-color)"
       width="108"
       height="108"
       viewbox="-4 -4 108 108"
       class="cmpui_curve-controls-svg"
       style="position: absolute; left: -4px; top: -4px; width: 108px; height: 108px; pointer-events: none;"
  >
    <path d="M 0 100"
          stroke-width="1"
          fill="none"
    >
    </path>
    <path d="M 0 100 C 50 100 50 0 100 0"
          stroke-width="1"
          fill="none"
    >
    </path>
  </svg>
  <svg width="51"
       height="1"
       viewbox="0 0 51 1"
       class="cmpui_cubic-controls__line"
       style="position: absolute; overflow: visible; pointer-events: none; left: -0.5px; top: 99.5px;"
  >
    <line class="cmpui_cubic-controls__line"
          stroke-width="1"
          x1="0.5"
          y1="0.5"
          x2="50.5"
          y2="0.5"
    >
    </line>
  </svg>
  <svg width="51"
       height="1"
       viewbox="0 0 51 1"
       class="cmpui_cubic-controls__line"
       style="position: absolute; overflow: visible; pointer-events: none; left: 49.5px; top: -0.5px;"
  >
    <line class="cmpui_cubic-controls__line"
          stroke-width="1"
          x1="50.5"
          y1="0.5"
          x2="0.5"
          y2="0.5"
    >
    </line>
  </svg>
  <div class="cmpui_circle__root cmpui_cubic-controls__circle"
       x="50"
       y="100"
       style="--cmpui-circle-nob-fill: var(--cmpui-primary-color); --cmpui-circle-nob-radius: 6px; --cmpui-circle-nob-stroke-color: var(--cmpui-border-color); --cmpui-circle-nob-stroke-width: 1px; border: 1px solid var(--cmpui-border-color); left: 44px; top: 94px;"
  >
  </div>
  <div class="cmpui_circle__root cmpui_cubic-controls__circle"
       x="50"
       y="0"
       style="--cmpui-circle-nob-fill: var(--cmpui-primary-color); --cmpui-circle-nob-radius: 6px; --cmpui-circle-nob-stroke-color: var(--cmpui-border-color); --cmpui-circle-nob-stroke-width: 1px; border: 1px solid var(--cmpui-border-color); left: 44px; top: -6px;"
  >
  </div>
</div>
`;
